---
source: src/view/console.rs
expression: result
---

                                     ████░            
                                   ██░                
   ██████░ ████░ ██░   ████░     ██████░     ████████░
 ██░   ██░   ████░         ██░     ██░     ██░   ██░  
 ██████░     ██░       ██████░     ██░     ██░   ██░  
   ██░       ██░     ██░   ██░     ██░     ██░   ██░  
 ████████░ ██████░     ████████░ ██████░     ██████░  
 ██░   ██░                                       ██░  
   ████░                                       ██████░


 connected to: https://db.cluster-cf0abc1xyzjk.us-east-1.neptune.amazonaws.com:8182

 config
   page results                   OFF
   write results to filesystem    OFF
   output format                  csv
   output path                    .grafq

 commands
   clear                          clear screen
   format                         csv/json
   help / :h                      show help
   output                         <PATH> / reset
   page                           on/off
   quit / exit / bye / :q         quit
   write                          on/off
   @<path>                        execute query from a local file

 keymaps
   ↑ / k                          scroll up in query history
   ↓ / j                          scroll down in query history
   tab                            cycle through path suggestions
   ctrl+c                         clear input / exit
   ctrl+d                         exit immediately
   ctrl+u                         clear input from start of line to cursor
